{
  "version": "1.5.0",
  "plugins_used": [
    {
      "name": "ArtifactoryDetector"
    },
    {
      "name": "AWSKeyDetector"
    },
    {
      "name": "AzureStorageKeyDetector"
    },
    {
      "name": "Base64HighEntropyString",
      "limit": 4.5
    },
    {
      "name": "BasicAuthDetector"
    },
    {
      "name": "CloudantDetector"
    },
    {
      "name": "DiscordBotTokenDetector"
    },
    {
      "name": "GitHubTokenDetector"
    },
    {
      "name": "GitLabTokenDetector"
    },
    {
      "name": "HexHighEntropyString",
      "limit": 3.0
    },
    {
      "name": "IbmCloudIamDetector"
    },
    {
      "name": "IbmCosHmacDetector"
    },
    {
      "name": "IPPublicDetector"
    },
    {
      "name": "JwtTokenDetector"
    },
    {
      "name": "KeywordDetector",
      "keyword_exclude": ""
    },
    {
      "name": "MailchimpDetector"
    },
    {
      "name": "NpmDetector"
    },
    {
      "name": "OpenAIDetector"
    },
    {
      "name": "PrivateKeyDetector"
    },
    {
      "name": "PypiTokenDetector"
    },
    {
      "name": "SendGridDetector"
    },
    {
      "name": "SlackDetector"
    },
    {
      "name": "SoftlayerDetector"
    },
    {
      "name": "SquareOAuthDetector"
    },
    {
      "name": "StripeDetector"
    },
    {
      "name": "TelegramBotTokenDetector"
    },
    {
      "name": "TwilioKeyDetector"
    }
  ],
  "filters_used": [
    {
      "path": "detect_secrets.filters.allowlist.is_line_allowlisted"
    },
    {
      "path": "detect_secrets.filters.common.is_ignored_due_to_verification_policies",
      "min_level": 2
    },
    {
      "path": "detect_secrets.filters.heuristic.is_indirect_reference"
    },
    {
      "path": "detect_secrets.filters.heuristic.is_likely_id_string"
    },
    {
      "path": "detect_secrets.filters.heuristic.is_lock_file"
    },
    {
      "path": "detect_secrets.filters.heuristic.is_not_alphanumeric_string"
    },
    {
      "path": "detect_secrets.filters.heuristic.is_potential_uuid"
    },
    {
      "path": "detect_secrets.filters.heuristic.is_prefixed_with_dollar_sign"
    },
    {
      "path": "detect_secrets.filters.heuristic.is_sequential_string"
    },
    {
      "path": "detect_secrets.filters.heuristic.is_swagger_file"
    },
    {
      "path": "detect_secrets.filters.heuristic.is_templated_secret"
    }
  ],
  "results": {
    "digests/2026-04-12_claude-code-with-anthropic-api-compatibility-ollama-blog_eb664f1b.md": [
      {
        "type": "Secret Keyword",
        "filename": "digests/2026-04-12_claude-code-with-anthropic-api-compatibility-ollama-blog_eb664f1b.md",
        "hashed_secret": "8ed4322e8e2790b8c928d381ce8d07cfd966e909",
        "is_verified": false,
        "line_number": 69
      }
    ],
    "digests/2026-04-12_ghuntley-how-to-build-a-coding-agent-a-workshop-that-teaches-you-how-to-build-yo_46ebc323.md": [
      {
        "type": "Secret Keyword",
        "filename": "digests/2026-04-12_ghuntley-how-to-build-a-coding-agent-a-workshop-that-teaches-you-how-to-build-yo_46ebc323.md",
        "hashed_secret": "aecdccc1cf64595b34e0cc152d238daabb32183a",
        "is_verified": false,
        "line_number": 58
      }
    ],
    "digests/2026-04-16_memgrafter-research-crawler-flatagents-research-crawling-scoring-and-analysis-us_16768897.md": [
      {
        "type": "Secret Keyword",
        "filename": "digests/2026-04-16_memgrafter-research-crawler-flatagents-research-crawling-scoring-and-analysis-us_16768897.md",
        "hashed_secret": "c19c464b30c3b50f6eaabfec25905fc6f93ee4bc",
        "is_verified": false,
        "line_number": 48
      },
      {
        "type": "Secret Keyword",
        "filename": "digests/2026-04-16_memgrafter-research-crawler-flatagents-research-crawling-scoring-and-analysis-us_16768897.md",
        "hashed_secret": "f2ce27c112f450afadedcd8aac24baa94398388f",
        "is_verified": false,
        "line_number": 49
      }
    ],
    "digests/2026-04-18_task-api-quickstart-parallel_3a707946.md": [
      {
        "type": "Secret Keyword",
        "filename": "digests/2026-04-18_task-api-quickstart-parallel_3a707946.md",
        "hashed_secret": "65355feb6d2a3ff2f231876a8b8364336ff07418",
        "is_verified": false,
        "line_number": 52
      }
    ],
    "digests/2026-04-19_asyncfuncai-asyncreview-open-source-agentic-code-review-tool-inspired-by-devinre_cdddc408.md": [
      {
        "type": "Secret Keyword",
        "filename": "digests/2026-04-19_asyncfuncai-asyncreview-open-source-agentic-code-review-tool-inspired-by-devinre_cdddc408.md",
        "hashed_secret": "6d9c68c603e465077bdd49c62347fe54717f83a3",
        "is_verified": false,
        "line_number": 90
      }
    ],
    "digests/2026-04-19_soju06-codex-lb-codex-chatgpt-account-load-balancer-proxy-with-usage-tracking-da_0af0609a.md": [
      {
        "type": "Secret Keyword",
        "filename": "digests/2026-04-19_soju06-codex-lb-codex-chatgpt-account-load-balancer-proxy-with-usage-tracking-da_0af0609a.md",
        "hashed_secret": "09461d2bc2fdc836fbc82d8534a02c40fa10a150",
        "is_verified": false,
        "line_number": 151
      }
    ],
    "digests/2026-04-25_swarms-install-docs_1aeacf8f.md": [
      {
        "type": "Secret Keyword",
        "filename": "digests/2026-04-25_swarms-install-docs_1aeacf8f.md",
        "hashed_secret": "b8654d59ef6e9ba34226f50decc5582def84edfd",
        "is_verified": false,
        "line_number": 74
      }
    ],
    "digests/raw/2026-04-12_about-the-sqlite3-wasm-js-subproject_ae4ff411.txt": [
      {
        "type": "Hex High Entropy String",
        "filename": "digests/raw/2026-04-12_about-the-sqlite3-wasm-js-subproject_ae4ff411.txt",
        "hashed_secret": "40377b4fab3d9e3760cefe88e08bea14e1703060",
        "is_verified": false,
        "line_number": 13
      },
      {
        "type": "Hex High Entropy String",
        "filename": "digests/raw/2026-04-12_about-the-sqlite3-wasm-js-subproject_ae4ff411.txt",
        "hashed_secret": "3eb613ba78fc89d0b7d51ba2fba1caa9eed2f679",
        "is_verified": false,
        "line_number": 205
      }
    ],
    "digests/raw/2026-04-12_claude-code-with-anthropic-api-compatibility-ollama-blog_eb664f1b.txt": [
      {
        "type": "Secret Keyword",
        "filename": "digests/raw/2026-04-12_claude-code-with-anthropic-api-compatibility-ollama-blog_eb664f1b.txt",
        "hashed_secret": "8ed4322e8e2790b8c928d381ce8d07cfd966e909",
        "is_verified": false,
        "line_number": 40
      }
    ],
    "digests/raw/2026-04-12_fireworks-ai-litellm_767847eb.txt": [
      {
        "type": "Base64 High Entropy String",
        "filename": "digests/raw/2026-04-12_fireworks-ai-litellm_767847eb.txt",
        "hashed_secret": "d31ee5157981d7f8a8c11188bc8c8ab8cad93f20",
        "is_verified": false,
        "line_number": 47
      },
      {
        "type": "Secret Keyword",
        "filename": "digests/raw/2026-04-12_fireworks-ai-litellm_767847eb.txt",
        "hashed_secret": "7f00cc37f02ece70d520a2c8e3cc39da12e0c4c6",
        "is_verified": false,
        "line_number": 56
      },
      {
        "type": "Secret Keyword",
        "filename": "digests/raw/2026-04-12_fireworks-ai-litellm_767847eb.txt",
        "hashed_secret": "2bd09cedd41eee41e5ef81c1de92b505ad396c1f",
        "is_verified": false,
        "line_number": 72
      },
      {
        "type": "Secret Keyword",
        "filename": "digests/raw/2026-04-12_fireworks-ai-litellm_767847eb.txt",
        "hashed_secret": "8867c88b56e0bfb82cffaf15a66bc8d107d6754a",
        "is_verified": false,
        "line_number": 93
      },
      {
        "type": "Secret Keyword",
        "filename": "digests/raw/2026-04-12_fireworks-ai-litellm_767847eb.txt",
        "hashed_secret": "1e3667aaaaa887721550cf5cc8a0c5c5760810ed",
        "is_verified": false,
        "line_number": 134
      }
    ],
    "digests/raw/2026-04-12_ghuntley-how-to-build-a-coding-agent-a-workshop-that-teaches-you-how-to-build-yo_46ebc323.txt": [
      {
        "type": "Secret Keyword",
        "filename": "digests/raw/2026-04-12_ghuntley-how-to-build-a-coding-agent-a-workshop-that-teaches-you-how-to-build-yo_46ebc323.txt",
        "hashed_secret": "aecdccc1cf64595b34e0cc152d238daabb32183a",
        "is_verified": false,
        "line_number": 142
      }
    ],
    "digests/raw/2026-04-12_lanerra-saga-autonomous-agentic-creative-story-writing-system-that-incorporates-_1df4e962.txt": [
      {
        "type": "Secret Keyword",
        "filename": "digests/raw/2026-04-12_lanerra-saga-autonomous-agentic-creative-story-writing-system-that-incorporates-_1df4e962.txt",
        "hashed_secret": "673f645a4169a1cde2b31069b04428e825cb4638",
        "is_verified": false,
        "line_number": 66
      }
    ],
    "digests/raw/2026-04-12_memgrafter-flatagents-flat-declarative-agents-and-state-machines-for-orchestrati_72a792dd.txt": [
      {
        "type": "Secret Keyword",
        "filename": "digests/raw/2026-04-12_memgrafter-flatagents-flat-declarative-agents-and-state-machines-for-orchestrati_72a792dd.txt",
        "hashed_secret": "ec3810e10fb78db55ce38b9c18d1c3eb1db739e0",
        "is_verified": false,
        "line_number": 26
      }
    ],
    "digests/raw/2026-04-12_mirrowel-llm-api-key-proxy-universal-llm-gateway-one-api-every-llm-openai-anthro_7fe51527.txt": [
      {
        "type": "Secret Keyword",
        "filename": "digests/raw/2026-04-12_mirrowel-llm-api-key-proxy-universal-llm-gateway-one-api-every-llm-openai-anthro_7fe51527.txt",
        "hashed_secret": "4ce06af9b66d71cecd306a89750eddb1abb5449f",
        "is_verified": false,
        "line_number": 120
      },
      {
        "type": "Secret Keyword",
        "filename": "digests/raw/2026-04-12_mirrowel-llm-api-key-proxy-universal-llm-gateway-one-api-every-llm-openai-anthro_7fe51527.txt",
        "hashed_secret": "ebc4a1b2447eed7e86d99c9a4e97c6494e7297b5",
        "is_verified": false,
        "line_number": 274
      },
      {
        "type": "Secret Keyword",
        "filename": "digests/raw/2026-04-12_mirrowel-llm-api-key-proxy-universal-llm-gateway-one-api-every-llm-openai-anthro_7fe51527.txt",
        "hashed_secret": "05ff1ea7a134f9dc5e743b84991376fa2596c8e5",
        "is_verified": false,
        "line_number": 277
      },
      {
        "type": "Secret Keyword",
        "filename": "digests/raw/2026-04-12_mirrowel-llm-api-key-proxy-universal-llm-gateway-one-api-every-llm-openai-anthro_7fe51527.txt",
        "hashed_secret": "d09c4aed7a2a0e9950d888eb02311dd431d18411",
        "is_verified": false,
        "line_number": 278
      },
      {
        "type": "Secret Keyword",
        "filename": "digests/raw/2026-04-12_mirrowel-llm-api-key-proxy-universal-llm-gateway-one-api-every-llm-openai-anthro_7fe51527.txt",
        "hashed_secret": "d413f4d18c4c123dd52776f417b792efdec29c6a",
        "is_verified": false,
        "line_number": 279
      },
      {
        "type": "Secret Keyword",
        "filename": "digests/raw/2026-04-12_mirrowel-llm-api-key-proxy-universal-llm-gateway-one-api-every-llm-openai-anthro_7fe51527.txt",
        "hashed_secret": "a7979904021cdb66cf919115ca138702b6839e10",
        "is_verified": false,
        "line_number": 280
      },
      {
        "type": "Secret Keyword",
        "filename": "digests/raw/2026-04-12_mirrowel-llm-api-key-proxy-universal-llm-gateway-one-api-every-llm-openai-anthro_7fe51527.txt",
        "hashed_secret": "6d9c68c603e465077bdd49c62347fe54717f83a3",
        "is_verified": false,
        "line_number": 719
      },
      {
        "type": "Secret Keyword",
        "filename": "digests/raw/2026-04-12_mirrowel-llm-api-key-proxy-universal-llm-gateway-one-api-every-llm-openai-anthro_7fe51527.txt",
        "hashed_secret": "5d192d8e3e2fdef9fdcb70d569cb49017a624a92",
        "is_verified": false,
        "line_number": 740
      }
    ],
    "digests/raw/2026-04-12_mpfaffenberger-code-puppy-agentic-ai-for-writing-code_ec9a5d37.txt": [
      {
        "type": "Basic Auth Credentials",
        "filename": "digests/raw/2026-04-12_mpfaffenberger-code-puppy-agentic-ai-for-writing-code_ec9a5d37.txt",
        "hashed_secret": "e791f39ff61dda517b66af4753e5dba93077ccd9",
        "is_verified": false,
        "line_number": 148
      }
    ],
    "digests/raw/2026-04-12_musistudio-claude-code-router-use-claude-code-as-the-foundation-for-coding-infra_12fc499b.txt": [
      {
        "type": "Secret Keyword",
        "filename": "digests/raw/2026-04-12_musistudio-claude-code-router-use-claude-code-as-the-foundation-for-coding-infra_12fc499b.txt",
        "hashed_secret": "33f220dd67f717cc949db63e21c90e130a6137da",
        "is_verified": false,
        "line_number": 60
      },
      {
        "type": "Secret Keyword",
        "filename": "digests/raw/2026-04-12_musistudio-claude-code-router-use-claude-code-as-the-foundation-for-coding-infra_12fc499b.txt",
        "hashed_secret": "ec417f567082612f8fd6afafe1abcab831fca840",
        "is_verified": false,
        "line_number": 102
      },
      {
        "type": "Secret Keyword",
        "filename": "digests/raw/2026-04-12_musistudio-claude-code-router-use-claude-code-as-the-foundation-for-coding-infra_12fc499b.txt",
        "hashed_secret": "8ed4322e8e2790b8c928d381ce8d07cfd966e909",
        "is_verified": false,
        "line_number": 128
      },
      {
        "type": "Secret Keyword",
        "filename": "digests/raw/2026-04-12_musistudio-claude-code-router-use-claude-code-as-the-foundation-for-coding-infra_12fc499b.txt",
        "hashed_secret": "7ce6ed3727ece51d2219f2bdc7f6db3594dc4d7f",
        "is_verified": false,
        "line_number": 189
      },
      {
        "type": "Secret Keyword",
        "filename": "digests/raw/2026-04-12_musistudio-claude-code-router-use-claude-code-as-the-foundation-for-coding-infra_12fc499b.txt",
        "hashed_secret": "9b2794452809f5699e74375ca50dea1d7a345180",
        "is_verified": false,
        "line_number": 568
      }
    ],
    "digests/raw/2026-04-12_vercel-labs-agent-browser-browser-automation-cli-for-ai-agents_1ceb56a3.txt": [
      {
        "type": "Secret Keyword",
        "filename": "digests/raw/2026-04-12_vercel-labs-agent-browser-browser-automation-cli-for-ai-agents_1ceb56a3.txt",
        "hashed_secret": "3f4f9a14a2d4d72a7074c2969dd34c89f2cbe61a",
        "is_verified": false,
        "line_number": 1272
      },
      {
        "type": "Secret Keyword",
        "filename": "digests/raw/2026-04-12_vercel-labs-agent-browser-browser-automation-cli-for-ai-agents_1ceb56a3.txt",
        "hashed_secret": "11fa7c37d697f30e6aee828b4426a10f83ab2380",
        "is_verified": false,
        "line_number": 1304
      }
    ],
    "digests/raw/2026-04-12_what-i-learned-building-an-opinionated-and-minimal-coding-agent_cf72e65c.txt": [
      {
        "type": "Secret Keyword",
        "filename": "digests/raw/2026-04-12_what-i-learned-building-an-opinionated-and-minimal-coding-agent_cf72e65c.txt",
        "hashed_secret": "829c3804401b0727f70f73d4415e162400cbe57b",
        "is_verified": false,
        "line_number": 88
      }
    ],
    "digests/raw/2026-04-16_memgrafter-flatagents-flat-declarative-agents-and-state-machines-for-orchestrati_4df82cf2.txt": [
      {
        "type": "Secret Keyword",
        "filename": "digests/raw/2026-04-16_memgrafter-flatagents-flat-declarative-agents-and-state-machines-for-orchestrati_4df82cf2.txt",
        "hashed_secret": "ec3810e10fb78db55ce38b9c18d1c3eb1db739e0",
        "is_verified": false,
        "line_number": 26
      }
    ],
    "digests/raw/2026-04-16_memgrafter-research-crawler-flatagents-research-crawling-scoring-and-analysis-us_16768897.txt": [
      {
        "type": "Secret Keyword",
        "filename": "digests/raw/2026-04-16_memgrafter-research-crawler-flatagents-research-crawling-scoring-and-analysis-us_16768897.txt",
        "hashed_secret": "c19c464b30c3b50f6eaabfec25905fc6f93ee4bc",
        "is_verified": false,
        "line_number": 10
      },
      {
        "type": "Secret Keyword",
        "filename": "digests/raw/2026-04-16_memgrafter-research-crawler-flatagents-research-crawling-scoring-and-analysis-us_16768897.txt",
        "hashed_secret": "f2ce27c112f450afadedcd8aac24baa94398388f",
        "is_verified": false,
        "line_number": 11
      }
    ],
    "digests/raw/2026-04-17_painful-version-bump-i-can-really-skip-examples-memgrafter-flatagents-00d2ca6_f75e87f9.txt": [
      {
        "type": "Secret Keyword",
        "filename": "digests/raw/2026-04-17_painful-version-bump-i-can-really-skip-examples-memgrafter-flatagents-00d2ca6_f75e87f9.txt",
        "hashed_secret": "ec3810e10fb78db55ce38b9c18d1c3eb1db739e0",
        "is_verified": false,
        "line_number": 26
      }
    ],
    "digests/raw/2026-04-17_traffic-memgrafter-flatagents_d659f7ff.txt": [
      {
        "type": "Secret Keyword",
        "filename": "digests/raw/2026-04-17_traffic-memgrafter-flatagents_d659f7ff.txt",
        "hashed_secret": "ec3810e10fb78db55ce38b9c18d1c3eb1db739e0",
        "is_verified": false,
        "line_number": 26
      }
    ],
    "digests/raw/2026-04-18_task-api-quickstart-parallel_3a707946.txt": [
      {
        "type": "Secret Keyword",
        "filename": "digests/raw/2026-04-18_task-api-quickstart-parallel_3a707946.txt",
        "hashed_secret": "65355feb6d2a3ff2f231876a8b8364336ff07418",
        "is_verified": false,
        "line_number": 160
      }
    ],
    "digests/raw/2026-04-19_add-unit-tests-for-custom-model-endpoint-with-anthropic-thinking-blocks-by-okott_9fb02dd1.txt": [
      {
        "type": "Secret Keyword",
        "filename": "digests/raw/2026-04-19_add-unit-tests-for-custom-model-endpoint-with-anthropic-thinking-blocks-by-okott_9fb02dd1.txt",
        "hashed_secret": "7e4eeeedb2b1731641e7ee3a75ce9e121f5c6211",
        "is_verified": false,
        "line_number": 93
      }
    ],
    "digests/raw/2026-04-19_add-unit-tests-for-custom-model-endpoint-with-anthropic-thinking-blocks-by-okott_aba9e381.txt": [
      {
        "type": "Secret Keyword",
        "filename": "digests/raw/2026-04-19_add-unit-tests-for-custom-model-endpoint-with-anthropic-thinking-blocks-by-okott_aba9e381.txt",
        "hashed_secret": "7e4eeeedb2b1731641e7ee3a75ce9e121f5c6211",
        "is_verified": false,
        "line_number": 319
      }
    ],
    "digests/raw/2026-04-19_asyncfuncai-asyncreview-open-source-agentic-code-review-tool-inspired-by-devinre_cdddc408.txt": [
      {
        "type": "Secret Keyword",
        "filename": "digests/raw/2026-04-19_asyncfuncai-asyncreview-open-source-agentic-code-review-tool-inspired-by-devinre_cdddc408.txt",
        "hashed_secret": "6d9c68c603e465077bdd49c62347fe54717f83a3",
        "is_verified": false,
        "line_number": 70
      }
    ],
    "digests/raw/2026-04-19_fakoli-terminalq-bloomberg-style-financial-terminal-claude-code-mcp-plugin-with-_4b896b3b.txt": [
      {
        "type": "Secret Keyword",
        "filename": "digests/raw/2026-04-19_fakoli-terminalq-bloomberg-style-financial-terminal-claude-code-mcp-plugin-with-_4b896b3b.txt",
        "hashed_secret": "aec10c321d5afd1b9ef7749442fb044dc61f5415",
        "is_verified": false,
        "line_number": 66
      },
      {
        "type": "Secret Keyword",
        "filename": "digests/raw/2026-04-19_fakoli-terminalq-bloomberg-style-financial-terminal-claude-code-mcp-plugin-with-_4b896b3b.txt",
        "hashed_secret": "0f5920246117b3179af0bfb8326f8f89e73a55f8",
        "is_verified": false,
        "line_number": 67
      },
      {
        "type": "Secret Keyword",
        "filename": "digests/raw/2026-04-19_fakoli-terminalq-bloomberg-style-financial-terminal-claude-code-mcp-plugin-with-_4b896b3b.txt",
        "hashed_secret": "2ffdf60d562f246e7c402f15092ddd6842afd232",
        "is_verified": false,
        "line_number": 68
      }
    ],
    "digests/raw/2026-04-19_getzep-graphiti-build-real-time-knowledge-graphs-for-ai-agents_e2d5bfbb.txt": [
      {
        "type": "Secret Keyword",
        "filename": "digests/raw/2026-04-19_getzep-graphiti-build-real-time-knowledge-graphs-for-ai-agents_e2d5bfbb.txt",
        "hashed_secret": "5baa61e4c9b93f3f0682250b6cf8331b7ee68fd8",
        "is_verified": false,
        "line_number": 354
      },
      {
        "type": "Secret Keyword",
        "filename": "digests/raw/2026-04-19_getzep-graphiti-build-real-time-knowledge-graphs-for-ai-agents_e2d5bfbb.txt",
        "hashed_secret": "d443fb1aa1d2fff466a0b8090cfce66b5c6c6372",
        "is_verified": false,
        "line_number": 373
      },
      {
        "type": "Secret Keyword",
        "filename": "digests/raw/2026-04-19_getzep-graphiti-build-real-time-knowledge-graphs-for-ai-agents_e2d5bfbb.txt",
        "hashed_secret": "11fa7c37d697f30e6aee828b4426a10f83ab2380",
        "is_verified": false,
        "line_number": 431
      },
      {
        "type": "Secret Keyword",
        "filename": "digests/raw/2026-04-19_getzep-graphiti-build-real-time-knowledge-graphs-for-ai-agents_e2d5bfbb.txt",
        "hashed_secret": "8ed4322e8e2790b8c928d381ce8d07cfd966e909",
        "is_verified": false,
        "line_number": 546
      }
    ],
    "digests/raw/2026-04-19_memgrafter-flatmachines-orchestrate-agents-with-a-peer-network-of-state-machines_674a8c9e.txt": [
      {
        "type": "Secret Keyword",
        "filename": "digests/raw/2026-04-19_memgrafter-flatmachines-orchestrate-agents-with-a-peer-network-of-state-machines_674a8c9e.txt",
        "hashed_secret": "ec3810e10fb78db55ce38b9c18d1c3eb1db739e0",
        "is_verified": false,
        "line_number": 26
      }
    ],
    "digests/raw/2026-04-19_onplt-morpharch_271185ee.txt": [
      {
        "type": "Secret Keyword",
        "filename": "digests/raw/2026-04-19_onplt-morpharch_271185ee.txt",
        "hashed_secret": "ec3810e10fb78db55ce38b9c18d1c3eb1db739e0",
        "is_verified": false,
        "line_number": 391
      }
    ],
    "digests/raw/2026-04-19_openai-orion-multistep-analysis_e1a566e3.txt": [
      {
        "type": "Secret Keyword",
        "filename": "digests/raw/2026-04-19_openai-orion-multistep-analysis_e1a566e3.txt",
        "hashed_secret": "ec3810e10fb78db55ce38b9c18d1c3eb1db739e0",
        "is_verified": false,
        "line_number": 60
      }
    ],
    "digests/raw/2026-04-19_release-mk42-dev-0-1-0-20260418t183530z-6c1b12681440-memgrafter-flatmachines_a25df1be.txt": [
      {
        "type": "Secret Keyword",
        "filename": "digests/raw/2026-04-19_release-mk42-dev-0-1-0-20260418t183530z-6c1b12681440-memgrafter-flatmachines_a25df1be.txt",
        "hashed_secret": "ec3810e10fb78db55ce38b9c18d1c3eb1db739e0",
        "is_verified": false,
        "line_number": 26
      }
    ],
    "digests/raw/2026-04-19_soju06-codex-lb-codex-chatgpt-account-load-balancer-proxy-with-usage-tracking-da_0af0609a.txt": [
      {
        "type": "Secret Keyword",
        "filename": "digests/raw/2026-04-19_soju06-codex-lb-codex-chatgpt-account-load-balancer-proxy-with-usage-tracking-da_0af0609a.txt",
        "hashed_secret": "09461d2bc2fdc836fbc82d8534a02c40fa10a150",
        "is_verified": false,
        "line_number": 158
      }
    ],
    "digests/raw/2026-04-19_thinking-mode-overview-z-ai-developer-document_25062bbb.txt": [
      {
        "type": "Secret Keyword",
        "filename": "digests/raw/2026-04-19_thinking-mode-overview-z-ai-developer-document_25062bbb.txt",
        "hashed_secret": "1e3667aaaaa887721550cf5cc8a0c5c5760810ed",
        "is_verified": false,
        "line_number": 169
      }
    ],
    "digests/raw/2026-04-19_what-s-cch-reverse-engineering-claude-code-s-request-signing_d1686993.txt": [
      {
        "type": "Hex High Entropy String",
        "filename": "digests/raw/2026-04-19_what-s-cch-reverse-engineering-claude-code-s-request-signing_d1686993.txt",
        "hashed_secret": "dfc6df92d81b2f0c1790d1eec0d2ba8542a333ba",
        "is_verified": false,
        "line_number": 206
      }
    ],
    "digests/raw/2026-04-25_swarms-install-docs_1aeacf8f.txt": [
      {
        "type": "Secret Keyword",
        "filename": "digests/raw/2026-04-25_swarms-install-docs_1aeacf8f.txt",
        "hashed_secret": "b8654d59ef6e9ba34226f50decc5582def84edfd",
        "is_verified": false,
        "line_number": 45
      }
    ]
  },
  "generated_at": "2026-05-28T17:24:12Z"
}
